<!DOCTYPE html>
<html xmlns="http://www.w3.org/1999/xhtml" xmlns="http://www.w3.org/1999/html" xml:lang="en" lang="en">
<head>
    <title>Event Report</title>
    <link rel="stylesheet" href="https://cdn.jsdelivr.net/gh/lsd-consulting/lsd-core@6/src/main/resources/static/style.min.css">

</head>
<body>
<main role="main">
    
    <h1 class="logo">LSD</h1>
    <h1>Event Report</h1><article id="3">
        <span class="articleStart"></span>
        <h2 class="success">Diagram for traceIds</h2>
        <aside class="facts">
            <div class="table">
                <h3>Key Facts</h3>
                <div class="row">
                    <div class="rowHead">Description</div>
                    <div class="rowHead">Value</div>
                </div><div class="row">
                    <div class="cell">traceIds</div>
                    <div class="cell">someTraceId</div>
                </div><div class="row">
                    <div class="cell">startTime</div>
                    <div class="cell">1970-01-01T00:00Z[UTC]</div>
                </div><div class="row">
                    <div class="cell">finishTime</div>
                    <div class="cell">1970-01-01T00:00Z[UTC]</div>
                </div>
            </div>
        </aside>
        <aside class="metrics">
            <div class="table">
                <h3>Metrics</h3>
                <div class="row">
                    <div class="rowHead">Name</div>
                    <div class="rowHead">Value</div>
                </div><div class="row">
                    <div class="cell">Time to generate sequence diagram</div>
                    <div class="cell">0.01s</div>
                </div><div class="row">
                    <div class="cell">Time to generate component diagram</div>
                    <div class="cell">0.01s</div>
                </div><div class="row">
                    <div class="cell">Events captured</div>
                    <div class="cell">2</div>
                </div><div class="row">
                    <div class="cell">Messages captured</div>
                    <div class="cell">2</div>
                </div><div class="row">
                    <div class="cell">Top bottlenecks</div>
                    <div class="cell"><ol><li>
 <ul>
  <li>Isolated duration 0.05s</li>
  <li>[Source -> Target] 0.025s <a href="javascript:scrollIntoViewFor('1');"><sub>[show]</sub></a> <a href="#1"><sub>[open]</sub></a> </li>
  <li>[Target -> Source] 0.025s <a href="javascript:scrollIntoViewFor('2');"><sub>[show]</sub></a> <a href="#2"><sub>[open]</sub></a> </li>
  
  <li>Total 0.05s</li>
 </ul>
</li></ol></div>
                </div>
            </div>
        </aside>
        <section class="sequence diagram svg success">
            <h3 class="success">Sequence Diagram</h3>
            <figure><?xml version="1.0" encoding="us-ascii" standalone="no"?><svg xmlns="http://www.w3.org/2000/svg" xmlns:xlink="http://www.w3.org/1999/xlink" contentStyleType="text/css" height="254px" preserveAspectRatio="none" style="width:275px;height:254px;background:#FFFFFF;" version="1.1" viewBox="0 0 275 254" width="275px" zoomAndPan="magnify"><defs/><g><line style="stroke:#708090;stroke-width:1.0;stroke-dasharray:5.0,5.0;" x1="41" x2="41" y1="88.4883" y2="167.1094"/><line style="stroke:#708090;stroke-width:1.0;stroke-dasharray:5.0,5.0;" x1="234" x2="234" y1="88.4883" y2="167.1094"/><text fill="#8392A2" font-family="sans-serif" font-size="14" lengthAdjust="spacing" textLength="47" x="15" y="85.5352">Source</text><ellipse cx="41.5" cy="19.5" fill="#FFA500" rx="8" ry="8" style="stroke:#7D8590;stroke-width:1.5;"/><path d="M41.5,27.5 L41.5,54.5 M28.5,35.5 L54.5,35.5 M41.5,54.5 L28.5,69.5 M41.5,54.5 L54.5,69.5 " fill="none" style="stroke:#7D8590;stroke-width:1.5;"/><text fill="#8392A2" font-family="sans-serif" font-size="14" lengthAdjust="spacing" textLength="47" x="15" y="179.6445">Source</text><ellipse cx="41.5" cy="192.0977" fill="#FFA500" rx="8" ry="8" style="stroke:#7D8590;stroke-width:1.5;"/><path d="M41.5,200.0977 L41.5,227.0977 M28.5,208.0977 L54.5,208.0977 M41.5,227.0977 L28.5,242.0977 M41.5,227.0977 L54.5,242.0977 " fill="none" style="stroke:#7D8590;stroke-width:1.5;"/><rect fill="#B0E0E6" height="30.4883" rx="2.5" ry="2.5" style="stroke:#7D8590;stroke-width:1.5;" width="59" x="205" y="57"/><text fill="#8392A2" font-family="sans-serif" font-size="14" lengthAdjust="spacing" textLength="45" x="212" y="77.5352">Target</text><rect fill="#B0E0E6" height="30.4883" rx="2.5" ry="2.5" style="stroke:#7D8590;stroke-width:1.5;" width="59" x="205" y="166.1094"/><text fill="#8392A2" font-family="sans-serif" font-size="14" lengthAdjust="spacing" textLength="45" x="212" y="186.6445">Target</text><polygon fill="#7D8590" points="222.5,115.7988,232.5,119.7988,222.5,123.7988,226.5,119.7988" style="stroke:#7D8590;stroke-width:1.0;"/><line style="stroke:#7D8590;stroke-width:1.5;" x1="41.5" x2="228.5" y1="119.7988" y2="119.7988"/><a href="#1" target="_self" title="GET /path" xlink:actuate="onRequest" xlink:href="#1" xlink:show="new" xlink:title="GET /path" xlink:type="simple"><text fill="#656D76" font-family="sans-serif" font-size="13" lengthAdjust="spacing" text-decoration="underline" textLength="63" x="48.5" y="115.0566">GET /path</text></a><polygon fill="#7D8590" points="52.5,145.1094,42.5,149.1094,52.5,153.1094,48.5,149.1094" style="stroke:#7D8590;stroke-width:1.0;"/><line style="stroke:#7D8590;stroke-width:1.5;stroke-dasharray:2.0,2.0;" x1="46.5" x2="233.5" y1="149.1094" y2="149.1094"/><a href="#2" target="_self" title="sync 200 response (25 ms)" xlink:actuate="onRequest" xlink:href="#2" xlink:show="new" xlink:title="sync 200 response (25 ms)" xlink:type="simple"><text fill="#656D76" font-family="sans-serif" font-size="13" lengthAdjust="spacing" text-decoration="underline" textLength="169" x="58.5" y="144.3672">sync 200 response (25 ms)</text></a></g></svg></figure>
            <div onclick="location.href='#!';" id="1" class="overlay">
                <div class="popup" onclick="event.stopPropagation();">
                    <h2>PlantUml markup</h2>
                    <span class="copy" title="copy" onclick="copyToClipboard('sequence_uml_code1')"></span>
                    <a class="close" href="#!">&times;</a>
                    <div class="content">
                        <pre><code id="sequence_uml_code1">@startuml

!theme lsd-light from https://cdn.jsdelivr.net/gh/lsd-consulting/lsd-core@6/src/main/resources/static/
skinparam svgLinkTarget _self

hide unlinked



actor Source #orange
participant Target #powderblue


Source -&gt; Target: [[#1 {GET /path} GET /path]]
Target --&gt; Source: [[#2 {sync 200 response (25 ms)} sync 200 response (25 ms)]]


@enduml</code></pre>
                    </div>
                </div>
            </div>
            <sub><a href="#1">[source]</a></sub>
            <sub><a href="#2">[component diagram]</a></sub>
        </section>
        <!-- Popup for component diagram -->
        <div onclick="location.href='#!';" id="2" class="overlay">
            <div class="popup" onclick="event.stopPropagation();">
                <h2>Component Diagram</h2>
                <a class="close" href="#!">&times;</a>
                <div class="content">
                    <pre><?xml version="1.0" encoding="us-ascii" standalone="no"?><svg xmlns="http://www.w3.org/2000/svg" xmlns:xlink="http://www.w3.org/1999/xlink" contentStyleType="text/css" height="184px" preserveAspectRatio="none" style="width:103px;height:184px;" version="1.1" viewBox="0 0 103 184" width="103px" zoomAndPan="magnify"><defs/><g><!--entity Source--><g id="elem_Source"><ellipse cx="54" cy="26" fill="#FFA500" rx="8" ry="8" style="stroke:#000000;stroke-width:1.0;"/><path d="M54,34 L54,61 M41,42 L67,42 M54,61 L41,76 M54,61 L67,76 " fill="none" style="stroke:#000000;stroke-width:1.0;"/><text fill="#000000" font-family="Verdana" font-size="14" lengthAdjust="spacing" textLength="48" x="30" y="92.0752">Source</text></g><!--entity Target--><g id="elem_Target"><rect fill="#B0E0E6" height="47.0146" rx="2.5" ry="2.5" style="stroke:#000000;stroke-width:1.0;" width="86" x="11" y="131"/><rect fill="#B0E0E6" height="10" style="stroke:#000000;stroke-width:1.0;" width="15" x="77" y="136"/><rect fill="#B0E0E6" height="2" style="stroke:#000000;stroke-width:1.0;" width="4" x="75" y="138"/><rect fill="#B0E0E6" height="2" style="stroke:#000000;stroke-width:1.0;" width="4" x="75" y="142"/><text fill="#000000" font-family="Verdana" font-size="14" lengthAdjust="spacing" textLength="46" x="26" y="165.0752">Target</text></g><polygon fill="#000000" points="54,130.9169,58,121.9169,54,125.9169,50,121.9169,54,130.9169" style="stroke:#000000;stroke-width:1.0;"/><path d="M54,95.1394 C54,107.2563 54,114.264 54,124.9169 " fill="none" style="stroke:#000000;stroke-width:1.0;"/></g></svg></pre>
                </div>
                <sub><a href="#uml2">[source]</a></sub>
            </div>
        </div>
        <!-- Popup for component diagram UML via component diagram popup -->
        <div onclick="location.href='#!';" id="uml2" class="overlay">
            <div class="popup" onclick="event.stopPropagation();">
                <h2>PlantUml markup</h2>
                <span class="copy" title="copy" onclick="copyToClipboard('component_uml_code2')"></span>
                <a class="close" href="#2">&times;</a><!--show previous popup on close-->
                <div class="content">
                    <pre><code id="component_uml_code2">@startuml
!pragma layout smetana
!theme plain
skinparam backgroundColor transparent

actor Source #orange
component Target #powderblue


[Source] --&gt; Target


remove @unlinked
@enduml</code></pre>
                </div>
            </div>
        </div>
        <!-- Section containing data for sequence diagram popups --><div onclick="location.href='#!';" id="1" class="overlay">
            <div class="popup" onclick="event.stopPropagation();">
                <h2>GET /path</h2>
                <a class="close" href="#!">&times;</a>
                <div class="content">
                    <pre><div><section><h3>Full Path</h3><span>/path</span></section><section><h3>Request Headers</h3><p>{
  &quot;header&quot;: [ &quot;value&quot; ]
}</p></section><p></p><p></p><section><h3>Body</h3><p>someBody</p></section><p></p></div></pre>
                </div>
            </div>
        </div><div onclick="location.href='#!';" id="2" class="overlay">
            <div class="popup" onclick="event.stopPropagation();">
                <h2>sync 200 response (25 ms)</h2>
                <a class="close" href="#!">&times;</a>
                <div class="content">
                    <pre><div><section><h3>Full Path</h3><span>/path</span></section><p></p><section><h3>Response Headers</h3><p>{
  &quot;header&quot;: [ &quot;value&quot; ]
}</p></section><p></p><section><h3>Body</h3><p>someBody</p></section><section><h3>Duration</h3><p>25ms</p></section></div></pre>
                </div>
            </div>
        </div>
    </article>
</main>
</body>
<footer>
    <script src="https://cdn.jsdelivr.net/npm/d3@7"></script>
    <link rel="stylesheet" href="https://cdn.jsdelivr.net/gh/highlightjs/cdn-release@11/build/styles/dark.min.css">
    <script src="https://cdn.jsdelivr.net/gh/lsd-consulting/lsd-core@6/src/main/resources/static/custom.min.js"></script>

    <script>
        addSliderForSvgZoom();
        highlightLifelinesWhenClicked();
    </script>
    <script src="https://cdn.jsdelivr.net/gh/highlightjs/cdn-release@11/build/highlight.min.js"></script>
    <script>hljs.highlightAll();</script>
    <script src="https://cdnjs.cloudflare.com/ajax/libs/mark.js/8.11.1/mark.min.js"></script>
    <script>
        highlightKeywords();highlightFact("3", "someTraceId");highlightFact("3", "1970-01-01T00:00Z[UTC]");highlightFact("3", "1970-01-01T00:00Z[UTC]");
        unMarkSvg();
    </script>
</footer>
</html>
